// Jest Snapshot v1, https://goo.gl/fbAQLP

exports[`<Main /> matches snapshot 1`] = `
<div>
  <div
    class="sc-cxFLnm gwktlz"
  >
    <div
      class="sc-dIUggk fJrAiu"
    >
      <div
        style="margin-left: 0px; margin-right: 0px; display: flex; flex-wrap: wrap; flex-grow: 0; flex-shrink: 0; align-items: normal; justify-content: center;"
      >
        <div
          style="box-sizing: border-box; min-height: 1px; position: relative; padding-left: 0px; padding-right: 0px; width: 66.66666666666667%; flex-basis: 66.66666666666667%; flex-grow: 0; flex-shrink: 0; max-width: 66.66666666666667%; margin-left: 0%;"
        >
          <div
            class="sc-hHftDr faeNav"
            style="opacity: 0; transform: translateY(20px) translateZ(0);"
          >
            <div
              class="sc-dmlrTW dOdrMR"
            >
              <table>
                <thead>
                  <tr>
                    <th
                      class="sc-iwyYcG bfZLxg"
                    >
                      Name
                    </th>
                    <th
                      class="sc-iwyYcG bfZLxg"
                    >
                      Birth
                    </th>
                    <th
                      class="sc-iwyYcG bfZLxg"
                    >
                      Height
                    </th>
                    <th
                      class="sc-iwyYcG bfZLxg"
                    >
                      Mass
                    </th>
                  </tr>
                </thead>
                <tbody />
              </table>
              <div
                class="sc-kfzAmx exxZTu"
              >
                <span
                  class="sc-bBXqnf iggTDU"
                  disabled=""
                >
                  &lt;
                   Prev
                </span>
                <span
                  class="sc-fKFyDc fgZYWn"
                >
                  1
                </span>
                <span
                  class="sc-bBXqnf iggTDU"
                  disabled=""
                >
                  Next 
                  &gt;
                </span>
              </div>
            </div>
          </div>
        </div>
      </div>
    </div>
    <div
      class="sc-iqHYGH fIKHVg"
    >
      <div
        style="margin-left: 0px; margin-right: 0px; display: flex; flex-wrap: wrap; flex-grow: 0; flex-shrink: 0; align-items: normal; justify-content: center;"
      >
        <div
          style="box-sizing: border-box; min-height: 1px; position: relative; padding-left: 0px; padding-right: 0px; width: 66.66666666666667%; flex-basis: 66.66666666666667%; flex-grow: 0; flex-shrink: 0; max-width: 66.66666666666667%; margin-left: 0%;"
        >
          <div
            class="sc-crrsfI fVvzGI"
            style="opacity: 0; transform: translateY(20px) translateZ(0);"
          >
            <div
              class="sc-bqyKva hcGpwN"
            >
              <div
                class="sc-dQppl lguPIz"
              >
                <img
                  alt="stormtrooper's portrait"
                  src="/images/stormtrooper.png"
                  style="width: auto; height: 100%; position: relative;"
                />
              </div>
              <div
                class="sc-kstrdz bRDbbd"
              >
                <div
                  class="Typist "
                />
              </div>
            </div>
          </div>
        </div>
      </div>
    </div>
  </div>
</div>
`;
